
> web@1.0.0 build C:\Users\kavis\source\repos\EV\NR-EvScooters\apps\web
> tsc -b && vite build

[36mvite v6.4.3 [32mbuilding for production...[36m[39m
transforming...
[32m✓[39m 3270 modules transformed.
rendering chunks...
computing gzip size...
[2mdist/[22m[32mindex.html                                            [39m[1m[2m    0.87 kB[22m[1m[22m[2m │ gzip:   0.43 kB[22m
[2mdist/[22m[32massets/logo-mark-ubpLMnYu.svg                         [39m[1m[2m    5.08 kB[22m[1m[22m[2m │ gzip:   1.36 kB[22m
[2mdist/[22m[32massets/inter-vietnamese-wght-normal-CBcvBZtf.woff2    [39m[1m[2m   10.25 kB[22m[1m[22m
[2mdist/[22m[32massets/logo-wordmark-white-BVLvb_2v.svg               [39m[1m[2m   10.71 kB[22m[1m[22m[2m │ gzip:   2.74 kB[22m
[2mdist/[22m[32massets/logo-wordmark-dark-C3f0FWXh.svg                [39m[1m[2m   10.71 kB[22m[1m[22m[2m │ gzip:   2.75 kB[22m
[2mdist/[22m[32massets/logo-wordmark-wsQd3HiO.svg                     [39m[1m[2m   10.71 kB[22m[1m[22m[2m │ gzip:   2.75 kB[22m
[2mdist/[22m[32massets/inter-greek-ext-wght-normal-DlzME5K_.woff2     [39m[1m[2m   11.23 kB[22m[1m[22m
[2mdist/[22m[32massets/inter-cyrillic-wght-normal-DqGufNeO.woff2      [39m[1m[2m   18.75 kB[22m[1m[22m
[2mdist/[22m[32massets/inter-greek-wght-normal-CkhJZR-_.woff2         [39m[1m[2m   19.00 kB[22m[1m[22m
[2mdist/[22m[32massets/inter-cyrillic-ext-wght-normal-BOeWTOD4.woff2  [39m[1m[2m   25.96 kB[22m[1m[22m
[2mdist/[22m[32massets/inter-latin-wght-normal-Dx4kXJAl.woff2         [39m[1m[2m   48.26 kB[22m[1m[22m
[2mdist/[22m[32massets/inter-latin-ext-wght-normal-DO1Apj_S.woff2     [39m[1m[2m   85.07 kB[22m[1m[22m
[2mdist/[22m[35massets/index-DjIHRHG3.css                             [39m[1m[2m   46.94 kB[22m[1m[22m[2m │ gzip:   9.13 kB[22m
[2mdist/[22m[35massets/maplibre-gl-B-YMMjus.css                       [39m[1m[2m   69.94 kB[22m[1m[22m[2m │ gzip:  10.06 kB[22m
[2mdist/[22m[36massets/maplibre-gl-BlAC6U_a.js                        [39m[1m[33m1,055.60 kB[39m[22m[2m │ gzip: 285.29 kB[22m
[2mdist/[22m[36massets/index-WJnzRjWq.js                              [39m[1m[33m1,855.98 kB[39m[22m[2m │ gzip: 509.86 kB[22m
[33m
(!) Some chunks are larger than 500 kB after minification. Consider:
- Using dynamic import() to code-split the application
- Use build.rollupOptions.output.manualChunks to improve chunking: https://rollupjs.org/configuration-options/#output-manualchunks
- Adjust chunk size limit for this warning via build.chunkSizeWarningLimit.[39m
[32m✓ built in 20.93s[39m
